// Jest Snapshot v1, https://goo.gl/fbAQLP

exports[`Testing al cliente Es Carlos Ramirez 1`] = `
Object {
  "balance": 500,
  "nombre": "Carlos Ramirez",
  "tipo": "Premium",
}
`;
